ASxxxx Linker V03.00/V05.40 + sdld,  page 1.
Hexadecimal  [32-Bits]

Area                                    Addr        Size        Decimal Bytes (Attributes)
--------------------------------        ----        ----        ------- ----- ------------
.  .ABS.                            00000000    00000000 =           0. bytes (ABS,CON)

      Value  Global                              Global Defined In Module
      -----  --------------------------------   ------------------------
     00000000  .__.ABS.                           
     00000000  _rRAMG                             
     00000000  l__BASE                         
     00000000  l__BSS                          
     00000000  l__CABS                         
     00000000  l__CODE_0                       
     00000000  l__CRASH_HEADER                 
     00000000  l__CRASH_SCRATCH                
     00000000  l__DABS                         
     00000000  l__HEADER                       
     00000000  l__HEADER_LCD                   
     00000000  l__HEADER_SIO                   
     00000000  l__HEADER_TIMER                 
     00000000  l__HEAP                         
     00000000  l__HEAP_END                     
     00000000  l__HRAM                         
     00000000  l__LIT                          
     00000000  s__CABS                         
     00000000  s__CRASH_HEADER                 
     00000000  s__CRASH_HEADER0                
     00000000  s__CRASH_HEADER1                
     00000000  s__CRASH_SCRATCH                
     00000000  s__CRASH_SCRATCH2               
     00000000  s__DABS                         
     00000000  s__HEADER                       
     00000000  s__HEADER0                      
     00000000  s__HEADER1                      
     00000000  s__HEADER10                     
     00000000  s__HEADER11                     
     00000000  s__HEADER2                      
     00000000  s__HEADER3                      
     00000000  s__HEADER4                      
     00000000  s__HEADER5                      
     00000000  s__HEADER6                      
     00000000  s__HEADER7                      
     00000000  s__HEADER8                      
     00000000  s__HEADER9                      
     00000000  s__HEADER_LCD                   
     00000000  s__HEADER_LCD0                  
     00000000  s__HEADER_SIO                   
     00000000  s__HEADER_SIO0                  
     00000000  s__HEADER_TIMER                 
     00000000  s__HEADER_TIMER0                
     00000000  s__HEADERa                      
     00000000  s__HEADERb                      
     00000000  s__HEADERc                      
     00000000  s__HEADERd                      
     00000000  s__HEADERe                      
     00000000  s__HEADERf                      
     00000000  s__HRAM                         
ASxxxx Linker V03.00/V05.40 + sdld,  page 2.
Hexadecimal  [32-Bits]

Area                                    Addr        Size        Decimal Bytes (Attributes)
--------------------------------        ----        ----        ------- ----- ------------
.  .ABS.                            00000000    00000000 =           0. bytes (ABS,CON)

      Value  Global                              Global Defined In Module
      -----  --------------------------------   ------------------------
     00000000  s__HRAM12                       
     00000001  ___bank_VM_SGB                     vm_sgb
     00000001  ___bank_bg_sans_cavecomplexintro   bg_sans_cavecomplexintro_til
     00000001  ___bank_bg_ui_controls_gbc_tiles   bg_ui_controls_gbc_tileset
     00000001  ___bank_scene_10_projectiles       scene_10_projectiles
     00000001  b_projectile_launch                projectiles
     00000001  b_projectiles_init                 projectiles
     00000001  b_set_sgb_border                   sgb_border
     00000001  b_ui_draw_frame                    ui
     00000001  b_ui_draw_text_buffer_char         ui
     00000001  b_ui_init                          ui
     00000001  b_ui_load_tiles                    ui
     00000001  b_ui_run_menu                      ui
     00000001  b_ui_run_modal                     ui
     00000001  b_ui_set_start_tile                ui
     00000001  l__GSFINAL                      
     00000001  l__HEADER0                      
     00000001  l__HEADER5                      
     00000001  l__HEADERa                      
     00000001  l__HEADERb                      
     00000001  l__HEADERc                      
     00000001  l__HEADERe                      
     00000001  l__HEADERf                      
     00000002  ___bank_VM_SIO                     vm_sio
     00000002  ___bank_bg_cave_complex_map_copy   bg_cave_complex_map_copy_til
     00000002  ___bank_scene_11_sprites           scene_11_sprites
     00000002  b_vm_sio_exchange                  vm_sio
     00000002  b_vm_sio_set_mode                  vm_sio
     00000002  l__HEADER10                     
     00000002  l__HEADER6                      
     00000002  l__HEADERd                      
     00000003  ___bank_bg_cave_complex_map_copy   bg_cave_complex_map_copy_til
     00000003  ___bank_scene_10_actors            scene_10_actors
     00000003  b_fade_applypalettechange          fade_manager
     00000003  b_fade_in                          fade_manager
     00000003  b_fade_in_modal                    fade_manager
     00000003  b_fade_init                        fade_manager
     00000003  b_fade_out                         fade_manager
     00000003  b_fade_out_modal                   fade_manager
     00000003  b_fade_setspeed                    fade_manager
     00000003  b_fade_update                      fade_manager
     00000003  l__HEADER9                      
     00000003  l__HEADER_LCD0                  
     00000003  l__HRAM12                       
     00000004  ___bank_actor_1_interact           actor_1_interact
     00000004  ___bank_bg_cave_complex_placehol   bg_cave_complex_placeholder_
     00000004  ___bank_scene_14_sprites           scene_14_sprites
     00000004  ___bank_scene_15_init              scene_15_init
     00000004  l__CRASH_HEADER1                
     00000004  l__HEADER_SIO0                  
     00000004  l__HEADER_TIMER0                
ASxxxx Linker V03.00/V05.40 + sdld,  page 3.
Hexadecimal  [32-Bits]

Area                                    Addr        Size        Decimal Bytes (Attributes)
--------------------------------        ----        ----        ------- ----- ------------
.  .ABS.                            00000000    00000000 =           0. bytes (ABS,CON)

      Value  Global                              Global Defined In Module
      -----  --------------------------------   ------------------------
     00000005  ___bank_bg_cave_complex_placehol   bg_cave_complex_placeholder_
     00000005  ___bank_bootstrap_script           
     00000005  ___bank_scene_13_init              scene_13_init
     00000005  ___bank_sprite_actor_animated      sprite_actor_animated
     00000005  l__CRASH_HEADER0                
     00000005  l__HEADER1                      
     00000006  ___bank_VM_PROJECTILE              vm_projectiles
     00000006  ___bank_scene_0_collisions         scene_0_collisions
     00000006  ___bank_sprite_static_tileset      sprite_static_tileset
     00000006  b_vm_projectile_launch             vm_projectiles
     00000006  b_vm_projectile_load_type          vm_projectiles
     00000006  l__HEADER8                      
     00000007  ___bank_bg_ending_placeholder_ti   bg_ending_placeholder_tilema
     00000007  ___bank_scene_7_collisions         scene_7_collisions
     00000007  ___bank_script_timer               script_timer
     00000007  b_music_events_poll                music_manager
     00000007  b_music_init_driver                music_manager
     00000007  b_music_init_events                music_manager
     00000007  l__HEADER2                      
     00000008  ___bank_VM_MAIN                    vm
     00000008  ___bank_bg_ui_controls_keyboard_   bg_ui_controls_keyboard_tile
     00000008  ___bank_bg_ui_placeholder_tilese   bg_ui_placeholder_tileset
     00000008  ___mute_mask_sound_legacy_0        sound_legacy_0
     00000008  ___mute_mask_sound_legacy_0_0      sound_legacy_0_0
     00000008  b_SIO_init                         sio
     00000008  b_core_reset                       core
     00000008  b_core_run                         core
     00000008  b_script_detach_hthread            vm
     00000008  b_script_execute                   vm
     00000008  b_script_runner_init               vm
     00000008  b_script_terminate                 vm
     00000008  b_vm_call                          vm
     00000008  b_vm_call_far                      vm
     00000008  b_vm_get_indirect                  vm
     00000008  b_vm_get_tlocal                    vm
     00000008  b_vm_idle                          vm
     00000008  b_vm_if                            vm
     00000008  b_vm_if_const                      vm
     00000008  b_vm_init_rng                      vm
     00000008  b_vm_invoke                        vm
     00000008  b_vm_join                          vm
     00000008  b_vm_jump                          vm
     00000008  b_vm_lock                          vm
     00000008  b_vm_loop                          vm
     00000008  b_vm_memcpy                        vm
     00000008  b_vm_memset                        vm
     00000008  b_vm_poll_loaded                   vm
     00000008  b_vm_pop                           vm
     00000008  b_vm_push                          vm
     00000008  b_vm_push_reference                vm
     00000008  b_vm_push_value                    vm
ASxxxx Linker V03.00/V05.40 + sdld,  page 4.
Hexadecimal  [32-Bits]

Area                                    Addr        Size        Decimal Bytes (Attributes)
--------------------------------        ----        ----        ------- ----- ------------
.  .ABS.                            00000000    00000000 =           0. bytes (ABS,CON)

      Value  Global                              Global Defined In Module
      -----  --------------------------------   ------------------------
     00000008  b_vm_push_value_ind                vm
     00000008  b_vm_raise                         vm
     00000008  b_vm_rand                          vm
     00000008  b_vm_reserve                       vm
     00000008  b_vm_ret                           vm
     00000008  b_vm_ret_far                       vm
     00000008  b_vm_set                           vm
     00000008  b_vm_set_const                     vm
     00000008  b_vm_set_indirect                  vm
     00000008  b_vm_terminate                     vm
     00000008  b_vm_test_terminate                vm
     00000008  b_vm_unlock                        vm
     00000008  b_wait_frames                      vm
     00000008  l__HEADER3                      
     00000009  ___bank_VM_CAMERA                  vm_camera
     00000009  ___bank_VM_GBPRINTER               vm_gbprinter
     00000009  ___bank_bg_ui_title_copy_tileset   bg_ui_title_copy_tileset
     00000009  ___bank_bg_yua_cityintro_tileset   bg_yua_cityintro_tileset
     00000009  ___bank_font_gbs_variable_width    font_gbs_variable_width
     00000009  ___bank_scene_0_sprites            scene_0_sprites
     00000009  ___bank_scene_15_sprites           scene_15_sprites
     00000009  b_camera_shake_frames              vm_camera
     00000009  b_vm_camera_move_to                vm_camera
     00000009  b_vm_camera_set_pos                vm_camera
     00000009  b_vm_print_detect                  vm_gbprinter
     00000009  b_vm_print_overlay                 vm_gbprinter
     0000000A  ___bank_ACTOR                      actor
     0000000A  ___bank_actor_9_update             actor_9_update
     0000000A  ___bank_bg_placeholder_copy_tile   bg_placeholder_copy_tileset
     0000000A  ___bank_bg_ui_end_tileset          bg_ui_end_tileset
     0000000A  ___bank_scene_0_actors             scene_0_actors
     0000000A  b_activate_actor                   actor
     0000000A  b_activate_actors_in_col           actor
     0000000A  b_activate_actors_in_row           actor
     0000000A  b_actor_at_tile                    actor
     0000000A  b_actor_get_frame_offset           actor
     0000000A  b_actor_in_front_of_player         actor
     0000000A  b_actor_overlapping_bb             actor
     0000000A  b_actor_overlapping_player         actor
     0000000A  b_actor_set_anim_idle              actor
     0000000A  b_actor_set_anim_moving            actor
     0000000A  b_actor_set_dir                    actor
     0000000A  b_actor_set_frame_offset           actor
     0000000A  b_actor_set_frames                 actor
     0000000A  b_actors_handle_player_collision   actor
     0000000A  b_actors_init                      actor
     0000000A  b_check_collision_in_direction     actor
     0000000A  b_deactivate_actor                 actor
     0000000A  b_platform_init                    platform
     0000000A  b_platform_update                  platform
     0000000A  b_player_init                      actor
ASxxxx Linker V03.00/V05.40 + sdld,  page 5.
Hexadecimal  [32-Bits]

Area                                    Addr        Size        Decimal Bytes (Attributes)
--------------------------------        ----        ----        ------- ----- ------------
.  .ABS.                            00000000    00000000 =           0. bytes (ABS,CON)

      Value  Global                              Global Defined In Module
      -----  --------------------------------   ------------------------
     0000000B  ___bank_VM_ACTOR                   vm_actor
     0000000B  ___bank_bg_cave_complex_map_copy   bg_cave_complex_map_copy_til
     0000000B  ___bank_bg_cave_complex_placehol   bg_cave_complex_placeholder_
     0000000B  ___bank_bg_ending_placeholder_ti   bg_ending_placeholder_tilese
     0000000B  ___bank_song_song_template_1_Dat   song_song_template_1_Data
     0000000B  b_data_clear                       load_save
     0000000B  b_data_init                        load_save
     0000000B  b_data_load                        load_save
     0000000B  b_data_peek                        load_save
     0000000B  b_data_save                        load_save
     0000000B  b_do_load_palette                  data_manager
     0000000B  b_load_background                  data_manager
     0000000B  b_load_bkg_tileset                 data_manager
     0000000B  b_load_bounds                      data_manager
     0000000B  b_load_emote                       data_manager
     0000000B  b_load_init                        data_manager
     0000000B  b_load_player                      data_manager
     0000000B  b_load_scene                       data_manager
     0000000B  b_load_sprite                      data_manager
     0000000B  b_vm_actor_activate                vm_actor
     0000000B  b_vm_actor_begin_update            vm_actor
     0000000B  b_vm_actor_deactivate              vm_actor
     0000000B  b_vm_actor_emote                   vm_actor
     0000000B  b_vm_actor_get_angle               vm_actor
     0000000B  b_vm_actor_get_anim_frame          vm_actor
     0000000B  b_vm_actor_get_dir                 vm_actor
     0000000B  b_vm_actor_get_pos                 vm_actor
     0000000B  b_vm_actor_move_cancel             vm_actor
     0000000B  b_vm_actor_move_to                 vm_actor
     0000000B  b_vm_actor_replace_tile            vm_actor
     0000000B  b_vm_actor_set_anim                vm_actor
     0000000B  b_vm_actor_set_anim_frame          vm_actor
     0000000B  b_vm_actor_set_anim_set            vm_actor
     0000000B  b_vm_actor_set_anim_tick           vm_actor
     0000000B  b_vm_actor_set_bounds              vm_actor
     0000000B  b_vm_actor_set_dir                 vm_actor
     0000000B  b_vm_actor_set_flags               vm_actor
     0000000B  b_vm_actor_set_move_speed          vm_actor
     0000000B  b_vm_actor_set_pos                 vm_actor
     0000000B  b_vm_actor_set_spritesheet         vm_actor
     0000000B  b_vm_actor_set_spritesheet_by_re   vm_actor
     0000000B  b_vm_actor_terminate_update        vm_actor
     0000000C  ___bank_VM_GAMEBOY                 vm_gameboy
     0000000C  ___bank_VM_UI                      vm_ui
     0000000C  ___bank_bg_ui_end_tilemap          bg_ui_end_tilemap
     0000000C  ___bank_bg_ui_end_tilemap_attr     bg_ui_end_tilemap_attr
     0000000C  ___bank_bg_yua_cityintro_copy_ti   bg_yua_cityintro_copy_tilema
     0000000C  ___bank_bg_yua_cityintro_copy_ti   bg_yua_cityintro_copy_tilema
     0000000C  ___bank_scene_13_collisions        scene_13_collisions
     0000000C  ___bank_scene_16_collisions        scene_16_collisions
     0000000C  ___bank_scene_7_actors             scene_7_actors
ASxxxx Linker V03.00/V05.40 + sdld,  page 6.
Hexadecimal  [32-Bits]

Area                                    Addr        Size        Decimal Bytes (Attributes)
--------------------------------        ----        ----        ------- ----- ------------
.  .ABS.                            00000000    00000000 =           0. bytes (ABS,CON)

      Value  Global                              Global Defined In Module
      -----  --------------------------------   ------------------------
     0000000C  ___bank_trigger_2_interact         trigger_2_interact
     0000000C  __start_save                    
     0000000C  b_scroll_init                      scroll
     0000000C  b_scroll_repaint                   scroll
     0000000C  b_scroll_reset                     scroll
     0000000C  b_scroll_update                    scroll
     0000000C  b_topdown_init                     topdown
     0000000C  b_topdown_update                   topdown
     0000000C  b_trigger_activate_at              trigger
     0000000C  b_trigger_activate_at_intersecti   trigger
     0000000C  b_trigger_at_intersection          trigger
     0000000C  b_trigger_at_tile                  trigger
     0000000C  b_trigger_interact                 trigger
     0000000C  b_trigger_reset                    trigger
     0000000C  b_vm_choice                        vm_ui
     0000000C  b_vm_context_prepare               vm_gameboy
     0000000C  b_vm_display_text                  vm_ui
     0000000C  b_vm_fade                          vm_gameboy
     0000000C  b_vm_get_tile_xy                   vm_gameboy
     0000000C  b_vm_input_attach                  vm_gameboy
     0000000C  b_vm_input_detach                  vm_gameboy
     0000000C  b_vm_input_get                     vm_gameboy
     0000000C  b_vm_input_wait                    vm_gameboy
     0000000C  b_vm_load_tileset                  vm_gameboy
     0000000C  b_vm_overlay_clear                 vm_ui
     0000000C  b_vm_overlay_move_to               vm_ui
     0000000C  b_vm_overlay_scroll                vm_ui
     0000000C  b_vm_overlay_set_map               vm_ui
     0000000C  b_vm_overlay_set_scroll            vm_ui
     0000000C  b_vm_overlay_set_submap            vm_ui
     0000000C  b_vm_overlay_set_submap_ex         vm_ui
     0000000C  b_vm_overlay_setpos                vm_ui
     0000000C  b_vm_overlay_show                  vm_ui
     0000000C  b_vm_overlay_wait                  vm_ui
     0000000C  b_vm_poll                          vm_gameboy
     0000000C  b_vm_replace_tile                  vm_gameboy
     0000000C  b_vm_replace_tile_xy               vm_gameboy
     0000000C  b_vm_rumble                        vm_gameboy
     0000000C  b_vm_set_font                      vm_ui
     0000000C  b_vm_set_sprite_mode               vm_gameboy
     0000000C  b_vm_set_sprites_visible           vm_gameboy
     0000000C  b_vm_set_text_sound                vm_ui
     0000000C  b_vm_switch_text_layer             vm_ui
     0000000C  b_vm_timer_prepare                 vm_gameboy
     0000000C  b_vm_timer_reset                   vm_gameboy
     0000000C  b_vm_timer_set                     vm_gameboy
     0000000C  b_vm_timer_stop                    vm_gameboy
     0000000D  ___bank_VM_PALETTE                 vm_palette
     0000000D  ___bank_VM_RTC                     vm_rtc
     0000000D  ___bank_bg_ending_placeholder_ti   bg_ending_placeholder_tilema
     0000000D  ___bank_bg_placeholder_copy_tile   bg_placeholder_copy_tilemap
ASxxxx Linker V03.00/V05.40 + sdld,  page 7.
Hexadecimal  [32-Bits]

Area                                    Addr        Size        Decimal Bytes (Attributes)
--------------------------------        ----        ----        ------- ----- ------------
.  .ABS.                            00000000    00000000 =           0. bytes (ABS,CON)

      Value  Global                              Global Defined In Module
      -----  --------------------------------   ------------------------
     0000000D  ___bank_bg_placeholder_copy_tile   bg_placeholder_copy_tilemap_
     0000000D  ___bank_bg_sans_cavecomplexintro   bg_sans_cavecomplexintro_til
     0000000D  ___bank_bg_sans_cavecomplexintro   bg_sans_cavecomplexintro_til
     0000000D  ___bank_bg_sans_sansfight_copy_t   bg_sans_sansfight_copy_tilem
     0000000D  ___bank_bg_sans_sansfight_copy_t   bg_sans_sansfight_copy_tilem
     0000000D  ___bank_bg_sans_sansfight_copy_t   bg_sans_sansfight_copy_tiles
     0000000D  ___bank_bg_sans_sansintro_copy_t   bg_sans_sansintro_copy_tilem
     0000000D  ___bank_bg_sans_sansintro_copy_t   bg_sans_sansintro_copy_tilem
     0000000D  ___bank_bg_sans_sansintro_copy_t   bg_sans_sansintro_copy_tiles
     0000000D  ___bank_bg_ui_controls_gbc_tilem   bg_ui_controls_gbc_tilemap
     0000000D  ___bank_bg_ui_controls_gbc_tilem   bg_ui_controls_gbc_tilemap_a
     0000000D  ___bank_bg_ui_controls_keyboard_   bg_ui_controls_keyboard_tile
     0000000D  ___bank_bg_ui_controls_keyboard_   bg_ui_controls_keyboard_tile
     0000000D  ___bank_bg_ui_placeholder_tilema   bg_ui_placeholder_tilemap
     0000000D  ___bank_bg_ui_placeholder_tilema   bg_ui_placeholder_tilemap_at
     0000000D  ___bank_bg_ui_title_copy_tilemap   bg_ui_title_copy_tilemap
     0000000D  ___bank_bg_ui_title_copy_tilemap   bg_ui_title_copy_tilemap_att
     0000000D  ___bank_bg_yua_cityintro_copy_ti   bg_yua_cityintro_copy_tilese
     0000000D  ___bank_bg_yua_cityintro_tilemap   bg_yua_cityintro_tilemap
     0000000D  ___bank_bg_yua_cityintro_tilemap   bg_yua_cityintro_tilemap_att
     0000000D  ___bank_bg_yua_citytalk_copy_til   bg_yua_citytalk_copy_tilemap
     0000000D  ___bank_bg_yua_citytalk_copy_til   bg_yua_citytalk_copy_tilemap
     0000000D  ___bank_scene_10_collisions        scene_10_collisions
     0000000D  ___bank_scene_10_init              scene_10_init
     0000000D  ___bank_scene_11_collisions        scene_11_collisions
     0000000D  ___bank_scene_12_collisions        scene_12_collisions
     0000000D  ___bank_scene_14_collisions        scene_14_collisions
     0000000D  ___bank_scene_15_collisions        scene_15_collisions
     0000000D  ___bank_scene_1_collisions         scene_1_collisions
     0000000D  ___bank_scene_2_collisions         scene_2_collisions
     0000000D  ___bank_scene_3_collisions         scene_3_collisions
     0000000D  ___bank_trigger_24_interact        trigger_24_interact
     0000000D  b___HandleCrash_banked             
     0000000D  b_atan2                            math_atan2
     0000000D  b_gbprinter_detect                 gbprinter
     0000000D  b_gbprinter_print_overlay          gbprinter
     0000000D  b_vm_load_palette                  vm_palette
     0000000D  b_vm_rtc_get                       vm_rtc
     0000000D  b_vm_rtc_latch                     vm_rtc
     0000000D  b_vm_rtc_set                       vm_rtc
     0000000D  b_vm_rtc_start                     vm_rtc
     0000000E  ___bank_VM_LOAD_SAVE               vm_load_save
     0000000E  ___bank_VM_MATH                    vm_math
     0000000E  ___bank_VM_MUSIC                   vm_music
     0000000E  ___bank_VM_SCENE                   vm_scene
     0000000E  ___bank_actor_11_interact          actor_11_interact
     0000000E  ___bank_actor_4_interact           actor_4_interact
     0000000E  ___bank_actor_6_interact           actor_6_interact
     0000000E  ___bank_actor_8_interact           actor_8_interact
     0000000E  ___bank_avatar_font_0              avatar_font_0
     0000000E  ___bank_bg_cave_complex_map_copy   bg_cave_complex_map_copy
ASxxxx Linker V03.00/V05.40 + sdld,  page 8.
Hexadecimal  [32-Bits]

Area                                    Addr        Size        Decimal Bytes (Attributes)
--------------------------------        ----        ----        ------- ----- ------------
.  .ABS.                            00000000    00000000 =           0. bytes (ABS,CON)

      Value  Global                              Global Defined In Module
      -----  --------------------------------   ------------------------
     0000000E  ___bank_bg_cave_complex_placehol   bg_cave_complex_placeholder
     0000000E  ___bank_bg_ending_placeholder      bg_ending_placeholder
     0000000E  ___bank_bg_placeholder_copy        bg_placeholder_copy
     0000000E  ___bank_bg_sans_cavecomplexintro   bg_sans_cavecomplexintro
     0000000E  ___bank_bg_sans_sansfight_copy     bg_sans_sansfight_copy
     0000000E  ___bank_bg_sans_sansintro_copy     bg_sans_sansintro_copy
     0000000E  ___bank_bg_ui_controls_gbc         bg_ui_controls_gbc
     0000000E  ___bank_bg_ui_controls_keyboard    bg_ui_controls_keyboard
     0000000E  ___bank_bg_ui_end                  bg_ui_end
     0000000E  ___bank_bg_ui_placeholder          bg_ui_placeholder
     0000000E  ___bank_bg_ui_title_copy           bg_ui_title_copy
     0000000E  ___bank_bg_yua_cityintro           bg_yua_cityintro
     0000000E  ___bank_bg_yua_cityintro_copy      bg_yua_cityintro_copy
     0000000E  ___bank_bg_yua_citytalk_copy       bg_yua_citytalk_copy
     0000000E  ___bank_bg_yua_citytalk_copy_til   bg_yua_citytalk_copy_tileset
     0000000E  ___bank_cursor_image               cursor_image
     0000000E  ___bank_frame_image                frame_image
     0000000E  ___bank_palette_0                  palette_0
     0000000E  ___bank_palette_1                  palette_1
     0000000E  ___bank_palette_10                 palette_10
     0000000E  ___bank_palette_11                 palette_11
     0000000E  ___bank_palette_12                 palette_12
     0000000E  ___bank_palette_13                 palette_13
     0000000E  ___bank_palette_14                 palette_14
     0000000E  ___bank_palette_15                 palette_15
     0000000E  ___bank_palette_16                 palette_16
     0000000E  ___bank_palette_17                 palette_17
     0000000E  ___bank_palette_18                 palette_18
     0000000E  ___bank_palette_19                 palette_19
     0000000E  ___bank_palette_2                  palette_2
     0000000E  ___bank_palette_20                 palette_20
     0000000E  ___bank_palette_3                  palette_3
     0000000E  ___bank_palette_4                  palette_4
     0000000E  ___bank_palette_5                  palette_5
     0000000E  ___bank_palette_6                  palette_6
     0000000E  ___bank_palette_7                  palette_7
     0000000E  ___bank_palette_8                  palette_8
     0000000E  ___bank_palette_9                  palette_9
     0000000E  ___bank_scene_0                    scene_0
     0000000E  ___bank_scene_0_init               scene_0_init
     0000000E  ___bank_scene_0_triggers           scene_0_triggers
     0000000E  ___bank_scene_1                    scene_1
     0000000E  ___bank_scene_10                   scene_10
     0000000E  ___bank_scene_10_p_hit1            scene_10_p_hit1
     0000000E  ___bank_scene_10_sprites           scene_10_sprites
     0000000E  ___bank_scene_11                   scene_11
     0000000E  ___bank_scene_11_actors            scene_11_actors
     0000000E  ___bank_scene_11_init              scene_11_init
     0000000E  ___bank_scene_11_triggers          scene_11_triggers
     0000000E  ___bank_scene_12                   scene_12
     0000000E  ___bank_scene_12_init              scene_12_init
ASxxxx Linker V03.00/V05.40 + sdld,  page 9.
Hexadecimal  [32-Bits]

Area                                    Addr        Size        Decimal Bytes (Attributes)
--------------------------------        ----        ----        ------- ----- ------------
.  .ABS.                            00000000    00000000 =           0. bytes (ABS,CON)

      Value  Global                              Global Defined In Module
      -----  --------------------------------   ------------------------
     0000000E  ___bank_scene_13                   scene_13
     0000000E  ___bank_scene_13_actors            scene_13_actors
     0000000E  ___bank_scene_13_p_hit1            scene_13_p_hit1
     0000000E  ___bank_scene_13_projectiles       scene_13_projectiles
     0000000E  ___bank_scene_13_sprites           scene_13_sprites
     0000000E  ___bank_scene_13_triggers          scene_13_triggers
     0000000E  ___bank_scene_14                   scene_14
     0000000E  ___bank_scene_14_actors            scene_14_actors
     0000000E  ___bank_scene_14_init              scene_14_init
     0000000E  ___bank_scene_14_triggers          scene_14_triggers
     0000000E  ___bank_scene_15                   scene_15
     0000000E  ___bank_scene_15_actors            scene_15_actors
     0000000E  ___bank_scene_15_triggers          scene_15_triggers
     0000000E  ___bank_scene_16                   scene_16
     0000000E  ___bank_scene_16_init              scene_16_init
     0000000E  ___bank_scene_1_init               scene_1_init
     0000000E  ___bank_scene_2                    scene_2
     0000000E  ___bank_scene_2_init               scene_2_init
     0000000E  ___bank_scene_3                    scene_3
     0000000E  ___bank_scene_3_init               scene_3_init
     0000000E  ___bank_scene_4                    scene_4
     0000000E  ___bank_scene_4_collisions         scene_4_collisions
     0000000E  ___bank_scene_4_init               scene_4_init
     0000000E  ___bank_scene_6                    scene_6
     0000000E  ___bank_scene_6_collisions         scene_6_collisions
     0000000E  ___bank_scene_6_init               scene_6_init
     0000000E  ___bank_scene_7                    scene_7
     0000000E  ___bank_scene_7_init               scene_7_init
     0000000E  ___bank_scene_7_sprites            scene_7_sprites
     0000000E  ___bank_scene_7_triggers           scene_7_triggers
     0000000E  ___bank_scene_9                    scene_9
     0000000E  ___bank_scene_9_collisions         scene_9_collisions
     0000000E  ___bank_scene_9_init               scene_9_init
     0000000E  ___bank_script_engine_init         
     0000000E  ___bank_script_input               script_input
     0000000E  ___bank_script_input_0             script_input_0
     0000000E  ___bank_script_input_1             script_input_1
     0000000E  ___bank_script_input_2             script_input_2
     0000000E  ___bank_script_input_3             script_input_3
     0000000E  ___bank_script_input_4             script_input_4
     0000000E  ___bank_script_input_5             script_input_5
     0000000E  ___bank_script_input_6             script_input_6
     0000000E  ___bank_script_timer_0             script_timer_0
     0000000E  ___bank_script_timer_1             script_timer_1
     0000000E  ___bank_script_timer_2             script_timer_2
     0000000E  ___bank_script_timer_3             script_timer_3
     0000000E  ___bank_sound_legacy_0             sound_legacy_0
     0000000E  ___bank_sound_legacy_0_0           sound_legacy_0_0
     0000000E  ___bank_sprite_actor_animated_ti   sprite_actor_animated_tilese
     0000000E  ___bank_sprite_blastersprite_cop   sprite_blastersprite_copy
     0000000E  ___bank_sprite_blastersprite_cop   sprite_blastersprite_copy_ti
ASxxxx Linker V03.00/V05.40 + sdld,  page 10.
Hexadecimal  [32-Bits]

Area                                    Addr        Size        Decimal Bytes (Attributes)
--------------------------------        ----        ----        ------- ----- ------------
.  .ABS.                            00000000    00000000 =           0. bytes (ABS,CON)

      Value  Global                              Global Defined In Module
      -----  --------------------------------   ------------------------
     0000000E  ___bank_sprite_dhilly_saveselect   sprite_dhilly_saveselect_al
     0000000E  ___bank_sprite_dhilly_saveselect   sprite_dhilly_saveselect_al_
     0000000E  ___bank_sprite_piece_dhilly3_ver   sprite_piece_dhilly3_ver
     0000000E  ___bank_sprite_piece_dhilly3_ver   sprite_piece_dhilly3_ver_co
     0000000E  ___bank_sprite_piece_dhilly3_ver   sprite_piece_dhilly3_ver_co_
     0000000E  ___bank_sprite_piece_dhilly3_ver   sprite_piece_dhilly3_ver_co_
     0000000E  ___bank_sprite_piece_dhilly3_ver   sprite_piece_dhilly3_ver_co_
     0000000E  ___bank_sprite_piece_dhilly3_ver   sprite_piece_dhilly3_ver_til
     0000000E  ___bank_sprite_square_full_hitbo   sprite_square_full_hitbox
     0000000E  ___bank_sprite_square_full_hitbo   sprite_square_full_hitbox_c
     0000000E  ___bank_sprite_square_full_hitbo   sprite_square_full_hitbox_c_
     0000000E  ___bank_sprite_square_full_hitbo   sprite_square_full_hitbox_o
     0000000E  ___bank_sprite_square_full_hitbo   sprite_square_full_hitbox_o_
     0000000E  ___bank_sprite_square_full_hitbo   sprite_square_full_hitbox_ti
     0000000E  ___bank_sprite_static              sprite_static
     0000000E  ___bank_sprite_static_copy         sprite_static_copy
     0000000E  ___bank_sprite_static_copy_tiles   sprite_static_copy_tileset
     0000000E  ___bank_spritesheet_none           spritesheet_none
     0000000E  ___bank_tileset_default_frame      tileset_default_frame
     0000000E  ___bank_trigger_0_interact         trigger_0_interact
     0000000E  ___bank_trigger_10_interact        trigger_10_interact
     0000000E  ___bank_trigger_11_interact        trigger_11_interact
     0000000E  ___bank_trigger_12_interact        trigger_12_interact
     0000000E  ___bank_trigger_13_interact        trigger_13_interact
     0000000E  ___bank_trigger_14_interact        trigger_14_interact
     0000000E  ___bank_trigger_15_interact        trigger_15_interact
     0000000E  ___bank_trigger_16_interact        trigger_16_interact
     0000000E  ___bank_trigger_17_interact        trigger_17_interact
     0000000E  ___bank_trigger_18_interact        trigger_18_interact
     0000000E  ___bank_trigger_19_interact        trigger_19_interact
     0000000E  ___bank_trigger_1_interact         trigger_1_interact
     0000000E  ___bank_trigger_20_interact        trigger_20_interact
     0000000E  ___bank_trigger_22_interact        trigger_22_interact
     0000000E  ___bank_trigger_23_interact        trigger_23_interact
     0000000E  ___bank_trigger_25_interact        trigger_25_interact
     0000000E  ___bank_trigger_26_interact        trigger_26_interact
     0000000E  ___bank_trigger_27_interact        trigger_27_interact
     0000000E  ___bank_trigger_28_interact        trigger_28_interact
     0000000E  ___bank_trigger_29_interact        trigger_29_interact
     0000000E  ___bank_trigger_30_interact        trigger_30_interact
     0000000E  ___bank_trigger_31_interact        trigger_31_interact
     0000000E  ___bank_trigger_32_interact        trigger_32_interact
     0000000E  ___bank_trigger_33_interact        trigger_33_interact
     0000000E  ___bank_trigger_34_interact        trigger_34_interact
     0000000E  ___bank_trigger_35_interact        trigger_35_interact
     0000000E  ___bank_trigger_36_interact        trigger_36_interact
     0000000E  ___bank_trigger_37_interact        trigger_37_interact
     0000000E  ___bank_trigger_38_interact        trigger_38_interact
     0000000E  ___bank_trigger_39_interact        trigger_39_interact
     0000000E  ___bank_trigger_3_interact         trigger_3_interact
     0000000E  ___bank_trigger_40_interact        trigger_40_interact
ASxxxx Linker V03.00/V05.40 + sdld,  page 11.
Hexadecimal  [32-Bits]

Area                                    Addr        Size        Decimal Bytes (Attributes)
--------------------------------        ----        ----        ------- ----- ------------
.  .ABS.                            00000000    00000000 =           0. bytes (ABS,CON)

      Value  Global                              Global Defined In Module
      -----  --------------------------------   ------------------------
     0000000E  ___bank_trigger_41_interact        trigger_41_interact
     0000000E  ___bank_trigger_42_interact        trigger_42_interact
     0000000E  ___bank_trigger_4_interact         trigger_4_interact
     0000000E  ___bank_trigger_5_interact         trigger_5_interact
     0000000E  ___bank_trigger_6_interact         trigger_6_interact
     0000000E  ___bank_trigger_7_interact         trigger_7_interact
     0000000E  ___bank_trigger_8_interact         trigger_8_interact
     0000000E  ___bank_trigger_9_interact         trigger_9_interact
     0000000E  b_CGBZeroPalette                   palette
     0000000E  b_camera_init                      camera
     0000000E  b_erase_flash                      
     0000000E  b_events_init                      events
     0000000E  b_input_init                       input
     0000000E  b_itoa_fmt                         vm_ui_a
     0000000E  b_logo_init                        logo
     0000000E  b_logo_update                      logo
     0000000E  b_palette_init                     palette
     0000000E  b_parallax_init                    parallax
     0000000E  b_remove_LCD_ISRs                  interrupts
     0000000E  b_restore_sram                     flasher
     0000000E  b_restore_sram_bank                flasher
     0000000E  b_save_sram                        flasher
     0000000E  b_save_sram_banks                  
     0000000E  b_scroll_rect                      
     0000000E  b_timers_init                      events
     0000000E  b_vm_cos_scale                     vm_math
     0000000E  b_vm_music_mute                    vm_music
     0000000E  b_vm_music_play                    vm_music
     0000000E  b_vm_music_routine                 vm_music
     0000000E  b_vm_music_setpos                  vm_music
     0000000E  b_vm_music_stop                    vm_music
     0000000E  b_vm_save_clear                    vm_load_save
     0000000E  b_vm_save_peek                     vm_load_save
     0000000E  b_vm_scene_pop                     vm_scene
     0000000E  b_vm_scene_pop_all                 vm_scene
     0000000E  b_vm_scene_push                    vm_scene
     0000000E  b_vm_scene_stack_reset             vm_scene
     0000000E  b_vm_sfx_play                      vm_music
     0000000E  b_vm_sin_scale                     vm_math
     0000000E  b_vm_sound_mastervol               vm_music
     00000018  l__INITIALIZED                  
     00000018  l__INITIALIZER                  
     00000027  l__GSINIT                       
     00000030  l__HEADER7                      
     00000060  l__HEADER4                      
     000000AB  l__HEADER11                     
     000001CB  l__CRASH_SCRATCH2               
     00000200  s__CODE                         
     00000EC2  l__CODE                         
     000010C2  s__HOME                         
     0000198F  l__DATA                         
ASxxxx Linker V03.00/V05.40 + sdld,  page 12.
Hexadecimal  [32-Bits]

Area                                    Addr        Size        Decimal Bytes (Attributes)
--------------------------------        ----        ----        ------- ----- ------------
.  .ABS.                            00000000    00000000 =           0. bytes (ABS,CON)

      Value  Global                              Global Defined In Module
      -----  --------------------------------   ------------------------
     00002000  _rROMB0                            
     00002D53  l__HOME                         
     00003000  _rROMB1                            
     000032DF  l__CODE_14                      
     00003E15  s__BASE                         
     00003E15  s__CODE_0                       
     00003E15  s__INITIALIZER                  
     00003E15  s__LIT                          
     00003E2D  s__GSINIT                       
     00003E54  s__GSFINAL                      
     00003FFC  l__CODE_11                      
     00003FFE  l__CODE_3                       
     00003FFE  l__CODE_6                       
     00003FFF  l__CODE_5                       
     00003FFF  l__CODE_8                       
     00004000  _RTC_SELECT_REG                    vm_rtc
     00004000  _rRAMB                             
     00004000  l__CODE_1                       
     00004000  l__CODE_10                      
     00004000  l__CODE_12                      
     00004000  l__CODE_13                      
     00004000  l__CODE_2                       
     00004000  l__CODE_4                       
     00004000  l__CODE_7                       
     00004000  l__CODE_9                       
     00006000  _RTC_LATCH_REG                     vm_rtc
     00008000  __VRAM                             
     00008000  __VRAM8000                         
     00008800  __VRAM8800                         
     00009000  __VRAM9000                         
     00009800  __SCRN0                            
     00009C00  __SCRN1                            
     0000A000  _RTC_VALUE_REG                     vm_rtc
     0000A000  __SRAM                             
     0000C000  __RAM                              
     0000C000  _shadow_OAM                     
     0000C0A0  s__DATA                         
     0000D000  __RAMBANK                          
     0000DA2F  s__BSS                          
     0000DA2F  s__INITIALIZED                  
     0000DA47  s__HEAP                         
     0000DA47  s__HEAP_END                     
     0000DF00  .STACK                          
     0000DF00  _shadow_OAM2                       absolute
     0000DFA0  _BkgPalette                        absolute
     0000DFE0  _vwf_tile_data                     absolute
     0000FE00  __OAMRAM                           
     0000FF00  _P1_REG                            
     0000FF00  __IO                               
     0000FF01  _SB_REG                            
     0000FF02  _SC_REG                            
ASxxxx Linker V03.00/V05.40 + sdld,  page 13.
Hexadecimal  [32-Bits]

Area                                    Addr        Size        Decimal Bytes (Attributes)
--------------------------------        ----        ----        ------- ----- ------------
.  .ABS.                            00000000    00000000 =           0. bytes (ABS,CON)

      Value  Global                              Global Defined In Module
      -----  --------------------------------   ------------------------
     0000FF04  _DIV_REG                           
     0000FF05  _TIMA_REG                          
     0000FF06  _TMA_REG                           
     0000FF07  _TAC_REG                           
     0000FF0F  _IF_REG                            
     0000FF10  _NR10_REG                          
     0000FF11  _NR11_REG                          
     0000FF12  _NR12_REG                          
     0000FF13  _NR13_REG                          
     0000FF14  _NR14_REG                          
     0000FF16  _NR21_REG                          
     0000FF17  _NR22_REG                          
     0000FF18  _NR23_REG                          
     0000FF19  _NR24_REG                          
     0000FF1A  _NR30_REG                          
     0000FF1B  _NR31_REG                          
     0000FF1C  _NR32_REG                          
     0000FF1D  _NR33_REG                          
     0000FF1E  _NR34_REG                          
     0000FF20  _NR41_REG                          
     0000FF21  _NR42_REG                          
     0000FF22  _NR43_REG                          
     0000FF23  _NR44_REG                          
     0000FF24  _NR50_REG                          
     0000FF25  _NR51_REG                          
     0000FF26  _NR52_REG                          
     0000FF30  _AUD3WAVE                          
     0000FF30  _PCM_SAMPLE                        
     0000FF30  __AUD3WAVERAM                      
     0000FF40  _LCDC_REG                          
     0000FF41  _STAT_REG                          
     0000FF42  _SCY_REG                           
     0000FF43  _SCX_REG                           
     0000FF44  _LY_REG                            
     0000FF45  _LYC_REG                           
     0000FF46  _DMA_REG                           
     0000FF47  _BGP_REG                           
     0000FF48  _OBP0_REG                          
     0000FF49  _OBP1_REG                          
     0000FF4A  _WY_REG                            
     0000FF4B  _WX_REG                            
     0000FF4D  _KEY1_REG                          
     0000FF4F  _VBK_REG                           
     0000FF51  _HDMA1_REG                         
     0000FF52  _HDMA2_REG                         
     0000FF53  _HDMA3_REG                         
     0000FF54  _HDMA4_REG                         
     0000FF55  _HDMA5_REG                         
     0000FF56  _RP_REG                            
     0000FF68  _BCPS_REG                          
     0000FF69  _BCPD_REG                          
ASxxxx Linker V03.00/V05.40 + sdld,  page 14.
Hexadecimal  [32-Bits]

Area                                    Addr        Size        Decimal Bytes (Attributes)
--------------------------------        ----        ----        ------- ----- ------------
.  .ABS.                            00000000    00000000 =           0. bytes (ABS,CON)

      Value  Global                              Global Defined In Module
      -----  --------------------------------   ------------------------
     0000FF6A  _OCPS_REG                          
     0000FF6B  _OCPD_REG                          
     0000FF70  _SVBK_REG                          
     0000FF76  _PCM12_REG                         
     0000FF77  _PCM34_REG                         
     0000FF80  .refresh_OAM                    
     0000FF80  __HRAM                             
     0000FFFF  _IE_REG                            
     00014000  s__CODE_1                       
     00024000  s__CODE_2                       
     00034000  s__CODE_3                       
     00044000  s__CODE_4                       
     00054000  s__CODE_5                       
     00064000  s__CODE_6                       
     00074000  s__CODE_7                       
     00084000  s__CODE_8                       
     00094000  s__CODE_9                       
     000A4000  s__CODE_10                      
     000B4000  s__CODE_11                      
     000C4000  s__CODE_12                      
     000D4000  s__CODE_13                      
     000E4000  s__CODE_14                      
ASxxxx Linker V03.00/V05.40 + sdld,  page 15.
Hexadecimal  [32-Bits]

Area                                    Addr        Size        Decimal Bytes (Attributes)
--------------------------------        ----        ----        ------- ----- ------------
_CODE                               00000200    00000EC2 =        3778. bytes (REL,CON)

      Value  Global                              Global Defined In Module
      -----  --------------------------------   ------------------------
     00000200  ___HandleCrash                     
     0000020A  _SIO_send_byte                     
     0000021D  _SIO_receive                       
     0000022E  _GetWinAddr                        
     00000236  _GetBkgAddr                        
     00000244  _state_init                        
     00000249  _state_update                      
     0000026B  _ui_time_masks                     
     00000273  _ui_print_shift_char               
     000002F6  _ui_draw_frame_row                 
     000002FF  .ui_draw_frame_row                 
     00000328  _script_cmds                       vm_instructions
     00000560  _save_signature                    game_signature
     00000564  _start_scene_x                     
     00000566  _start_scene_y                     
     00000568  _start_scene_dir                   
     00000569  _start_scene                       
     0000056C  _start_player_move_speed           
     0000056D  _start_player_anim_tick            
     0000056E  _ui_fonts                          
     00000574  _core_reset_hook                   main
     0000057C  _main                              main
     00000584  _state_start_fns                   
     0000058D  _state_update_fns                  
     00000596  _hUGE_init                         hUGEDriver_obj
     00000598  hUGE_init                          hUGEDriver_obj
     000005EE  _hUGE_mute_channel                 hUGEDriver_obj
     000005F0  hUGE_mute_channel                  hUGEDriver_obj
     0000083E  _hUGE_set_position                 hUGEDriver_obj
     00000840  hUGE_set_position                  hUGEDriver_obj
     00000A05  _hUGE_dosound                      hUGEDriver_obj
     00000A05  hUGE_dosound                       hUGEDriver_obj
     00000D31  _get_vram_byte                     
     00000D39  _get_win_tile_xy                   
     00000D41  _get_bkg_tile_xy                   
     00000D68  _set_sprite_palette                CGB
     00000D6D  _set_bkg_palette                   CGB
     00000D70  .set_palette                       CGB
     00000D8F  _set_sprite_palette_entry          CGB
     00000D94  _set_bkg_palette_entry             CGB
     00000D97  .set_palette_entry                 CGB
     00000DB3  _hide_sprites_range                Metasprites
     00000DE2  __mulsuchar                        mul
     00000DE5  __muluschar                        mul
     00000DEE  __mulschar                         mul
     00000DF6  __mulint                           mul
     00000E15  __muluchar                         mul
     00000E27  _set_vram_byte                     
     00000E30  _set_win_tile_xy                   
     00000E39  _set_bkg_tile_xy                   
ASxxxx Linker V03.00/V05.40 + sdld,  page 16.
Hexadecimal  [32-Bits]

Area                                    Addr        Size        Decimal Bytes (Attributes)
--------------------------------        ----        ----        ------- ----- ------------
_CODE                               00000200    00000EC2 =        3778. bytes (REL,CON)

      Value  Global                              Global Defined In Module
      -----  --------------------------------   ------------------------
     00000E68  .sgb_check                         
     00000E68  _sgb_check                         
     00000EB0  _sgb_transfer                      
     00000EB5  .sgb_transfer                      
     00000EF6  .copy_vram                         
     00000EFC  _get_data                          
     00000EFC  _set_data                          
     00000EFC  _vmemcpy                           
     00000F4A  ___move_metasprite                 Metasprites
     00000F87  ___memcpy                          
     00000F87  _memcpy                            
     00000FB9  _cpu_slow                          CGB
     00000FD4  _cpu_fast                          CGB
     00000FDB  __divsuchar                        divmod
     00000FE1  __modsuchar                        divmod
     00000FEA  __divuschar                        divmod
     00000FF3  __moduschar                        divmod
     00000FFF  __divschar                         divmod
     00001004  __modschar                         divmod
     0000100B  __divsint                          divmod
     00001014  __modsint                          divmod
     00001020  __divuchar                         divmod
     00001025  __moduchar                         divmod
     0000102C  __divuint                          divmod
     00001035  __moduint                          divmod
     00001041  .div8                              divmod
     00001041  .mod8                              divmod
     00001049  .div16                             divmod
     00001049  .mod16                             divmod
     0000107F  .divu8                             divmod
     0000107F  .modu8                             divmod
     00001082  .divu16                            divmod
     00001082  .modu16                            divmod

ASxxxx Linker V03.00/V05.40 + sdld,  page 17.
Hexadecimal  [32-Bits]

Area                                    Addr        Size        Decimal Bytes (Attributes)
--------------------------------        ----        ----        ------- ----- ------------
_HEADER0                            00000000    00000001 =           1. bytes (ABS,CON)

      Value  Global                              Global Defined In Module
      -----  --------------------------------   ------------------------
     00000020  .call_hl                           Runtime

ASxxxx Linker V03.00/V05.40 + sdld,  page 18.
Hexadecimal  [32-Bits]

Area                                    Addr        Size        Decimal Bytes (Attributes)
--------------------------------        ----        ----        ------- ----- ------------
_HEADER1                            00000000    00000005 =           5. bytes (ABS,CON)

      Value  Global                              Global Defined In Module
      -----  --------------------------------   ------------------------
     00000028  .MemsetSmall                       Runtime

ASxxxx Linker V03.00/V05.40 + sdld,  page 19.
Hexadecimal  [32-Bits]

Area                                    Addr        Size        Decimal Bytes (Attributes)
--------------------------------        ----        ----        ------- ----- ------------
_HEADER2                            00000000    00000007 =           7. bytes (ABS,CON)

      Value  Global                              Global Defined In Module
      -----  --------------------------------   ------------------------
     00000030  .MemcpySmall                       Runtime

ASxxxx Linker V03.00/V05.40 + sdld,  page 20.
Hexadecimal  [32-Bits]

Area                                    Addr        Size        Decimal Bytes (Attributes)
--------------------------------        ----        ----        ------- ----- ------------
_HEADER3                            00000000    00000008 =           8. bytes (ABS,CON)

      Value  Global                              Global Defined In Module
      -----  --------------------------------   ------------------------
ASxxxx Linker V03.00/V05.40 + sdld,  page 21.
Hexadecimal  [32-Bits]

Area                                    Addr        Size        Decimal Bytes (Attributes)
--------------------------------        ----        ----        ------- ----- ------------
_HEADER4                            00000000    00000060 =          96. bytes (ABS,CON)

      Value  Global                              Global Defined In Module
      -----  --------------------------------   ------------------------
     00000080  .int                               Runtime
     0000008F  _wait_int_handler                  Runtime
     0000009C  __standard_VBL_handler             Runtime
     000000AB  _refresh_OAM                       Runtime
     000000CC  _set_interrupts                    Runtime

ASxxxx Linker V03.00/V05.40 + sdld,  page 22.
Hexadecimal  [32-Bits]

Area                                    Addr        Size        Decimal Bytes (Attributes)
--------------------------------        ----        ----        ------- ----- ------------
_HEADER5                            00000000    00000001 =           1. bytes (ABS,CON)

      Value  Global                              Global Defined In Module
      -----  --------------------------------   ------------------------
ASxxxx Linker V03.00/V05.40 + sdld,  page 23.
Hexadecimal  [32-Bits]

Area                                    Addr        Size        Decimal Bytes (Attributes)
--------------------------------        ----        ----        ------- ----- ------------
_HEADER6                            00000000    00000002 =           2. bytes (ABS,CON)

      Value  Global                              Global Defined In Module
      -----  --------------------------------   ------------------------
ASxxxx Linker V03.00/V05.40 + sdld,  page 24.
Hexadecimal  [32-Bits]

Area                                    Addr        Size        Decimal Bytes (Attributes)
--------------------------------        ----        ----        ------- ----- ------------
_HEADER7                            00000000    00000030 =          48. bytes (ABS,CON)

      Value  Global                              Global Defined In Module
      -----  --------------------------------   ------------------------
ASxxxx Linker V03.00/V05.40 + sdld,  page 25.
Hexadecimal  [32-Bits]

Area                                    Addr        Size        Decimal Bytes (Attributes)
--------------------------------        ----        ----        ------- ----- ------------
_HEADER8                            00000000    00000006 =           6. bytes (ABS,CON)

      Value  Global                              Global Defined In Module
      -----  --------------------------------   ------------------------
ASxxxx Linker V03.00/V05.40 + sdld,  page 26.
Hexadecimal  [32-Bits]

Area                                    Addr        Size        Decimal Bytes (Attributes)
--------------------------------        ----        ----        ------- ----- ------------
_HEADER9                            00000000    00000003 =           3. bytes (ABS,CON)

      Value  Global                              Global Defined In Module
      -----  --------------------------------   ------------------------
ASxxxx Linker V03.00/V05.40 + sdld,  page 27.
Hexadecimal  [32-Bits]

Area                                    Addr        Size        Decimal Bytes (Attributes)
--------------------------------        ----        ----        ------- ----- ------------
_HEADERa                            00000000    00000001 =           1. bytes (ABS,CON)

      Value  Global                              Global Defined In Module
      -----  --------------------------------   ------------------------
ASxxxx Linker V03.00/V05.40 + sdld,  page 28.
Hexadecimal  [32-Bits]

Area                                    Addr        Size        Decimal Bytes (Attributes)
--------------------------------        ----        ----        ------- ----- ------------
_HEADERb                            00000000    00000001 =           1. bytes (ABS,CON)

      Value  Global                              Global Defined In Module
      -----  --------------------------------   ------------------------
ASxxxx Linker V03.00/V05.40 + sdld,  page 29.
Hexadecimal  [32-Bits]

Area                                    Addr        Size        Decimal Bytes (Attributes)
--------------------------------        ----        ----        ------- ----- ------------
_HEADERc                            00000000    00000001 =           1. bytes (ABS,CON)

      Value  Global                              Global Defined In Module
      -----  --------------------------------   ------------------------
ASxxxx Linker V03.00/V05.40 + sdld,  page 30.
Hexadecimal  [32-Bits]

Area                                    Addr        Size        Decimal Bytes (Attributes)
--------------------------------        ----        ----        ------- ----- ------------
_HEADERd                            00000000    00000002 =           2. bytes (ABS,CON)

      Value  Global                              Global Defined In Module
      -----  --------------------------------   ------------------------
ASxxxx Linker V03.00/V05.40 + sdld,  page 31.
Hexadecimal  [32-Bits]

Area                                    Addr        Size        Decimal Bytes (Attributes)
--------------------------------        ----        ----        ------- ----- ------------
_HEADERe                            00000000    00000001 =           1. bytes (ABS,CON)

      Value  Global                              Global Defined In Module
      -----  --------------------------------   ------------------------
ASxxxx Linker V03.00/V05.40 + sdld,  page 32.
Hexadecimal  [32-Bits]

Area                                    Addr        Size        Decimal Bytes (Attributes)
--------------------------------        ----        ----        ------- ----- ------------
_HEADERf                            00000000    00000001 =           1. bytes (ABS,CON)

      Value  Global                              Global Defined In Module
      -----  --------------------------------   ------------------------
ASxxxx Linker V03.00/V05.40 + sdld,  page 33.
Hexadecimal  [32-Bits]

Area                                    Addr        Size        Decimal Bytes (Attributes)
--------------------------------        ----        ----        ------- ----- ------------
_HEADER10                           00000000    00000002 =           2. bytes (ABS,CON)

      Value  Global                              Global Defined In Module
      -----  --------------------------------   ------------------------
ASxxxx Linker V03.00/V05.40 + sdld,  page 34.
Hexadecimal  [32-Bits]

Area                                    Addr        Size        Decimal Bytes (Attributes)
--------------------------------        ----        ----        ------- ----- ------------
_HEADER11                           00000000    000000AB =         171. bytes (ABS,CON)

      Value  Global                              Global Defined In Module
      -----  --------------------------------   ------------------------
     00000150  .reset                             Runtime
     00000150  _reset                             Runtime
     00000157  .code_start                        Runtime
     000001B9  _exit                              Runtime
     000001BD  .wait_vbl_done                     Runtime
     000001BD  _vsync                             Runtime
     000001BD  _wait_vbl_done                     Runtime
     000001CD  .remove_VBL                        Runtime
     000001CD  _remove_VBL                        Runtime
     000001D0  .remove_int                        Runtime
     000001ED  .add_VBL                           Runtime
     000001ED  _add_VBL                           Runtime
     000001F0  .add_int                           Runtime

ASxxxx Linker V03.00/V05.40 + sdld,  page 35.
Hexadecimal  [32-Bits]

Area                                    Addr        Size        Decimal Bytes (Attributes)
--------------------------------        ----        ----        ------- ----- ------------
_HOME                               000010C2    00002D53 =       11603. bytes (REL,CON)

      Value  Global                              Global Defined In Module
      -----  --------------------------------   ------------------------
     000010C2  .memset_simple                     Runtime
     000010CB  .memcpy_simple                     Runtime
     000010E8  .display_off                       Runtime
     000010E8  _display_off                       Runtime
     00001100  _actors_update                     actor
     00001566  _SetBankedBkgData                  bankdata
     00001582  _SetBankedSpriteData               bankdata
     0000159E  _SetBankedBkgTiles                 bankdata
     000015BA  _SetBankedWinTiles                 bankdata
     000015D6  _ReadBankedFarPtr                  bankdata
     000015F8  _ReadBankedUWORD                   bankdata
     00001612  _MemcpyBanked                      bankdata
     00001634  _MemcpyVRAMBanked                  bankdata
     00001663  _IndexOfFarPtr                     bankdata
     000016E8  _camera_update                     camera
     0000181B  _load_animations                   data_manager
     00001874  _events_update                     events
     00001947  _timers_update                     events
     000019D0  _input_update                      input
     000019F3  .sio_ISR                           
     00001A4D  .timer_ISR                         
     00001A62  _simple_LCD_isr                    interrupts
     00001AE1  _fullscreen_LCD_isr                interrupts
     00001B0D  _VBL_isr                           interrupts
     00001B57  _isqrt                             math
     00001BB4  _sine_wave                         math
     00001CB4  _dir_lookup                        math
     00001CBC  _dir_angle_lookup                  math
     00001CC0  _hUGETrackerRoutine                music_manager
     00001CE7  _music_events_update               music_manager
     00001D69  _music_play_isr                    music_manager
     00001E0A  _parallax_LCD_isr                  parallax
     00001E47  _projectiles_update                projectiles
     000022C8  _projectiles_render                projectiles
     0000241D  _scroll_load_pending_row           scroll
     000024A3  _scroll_load_row                   scroll
     00002518  _scroll_load_col                   scroll
     00002581  _scroll_load_pending_col           scroll
     00002609  _set_bkg_submap                    
     0000264C  _set_xy_win_submap                 
     00002679  .set_xy_win_submap                 
     00002682  .set_xy_bkg_submap                 
     00002691  .set_xy_submap                     
     000026DD  _sfx_play_isr                      sfx_player
     000027B6  _on_SIO_receive                    sio
     000027F7  _SIO_update                        sio
     0000285E  _ui_update                         ui
     00002996  _vm_sgb_transfer                   vm_sgb
     000029E3  _vm_load_text                      vm_ui
     00002C39  _vm_switch                         vm
ASxxxx Linker V03.00/V05.40 + sdld,  page 36.
Hexadecimal  [32-Bits]

Area                                    Addr        Size        Decimal Bytes (Attributes)
--------------------------------        ----        ----        ------- ----- ------------
_HOME                               000010C2    00002D53 =       11603. bytes (REL,CON)

      Value  Global                              Global Defined In Module
      -----  --------------------------------   ------------------------
     00002D6A  _vm_beginthread                    vm
     00002E8E  _vm_rpn                            vm
     000038A6  _vm_get_far                        vm
     00003914  _vm_call_native                    vm
     00003927  _VM_STEP                           vm
     00003991  _script_runner_update              vm
     00003AF6  _fill_win_rect                     
     00003B08  _rand                              
     00003B08  _randw                             
     00003B33  _initrand                          
     00003B35  .initrand                          
     00003B3E  _get_bkg_data                      
     00003B3E  _get_win_data                      
     00003B8B  _get_sprite_data                   
     00003BBE  _abs                               abs
     00003BCB  _set_win_tiles                     
     00003BDF  _set_tile_data                     
     00003BE4  _set_bkg_data                      
     00003BE4  _set_win_data                      
     00003BEC  _set_sprite_data                   
     00003C1C  _reverse                           reverse
     00003C50  ___call__banked                    far_ptr
     00003C6D  _to_far_ptr                        far_ptr
     00003CA3  .add_LCD                           
     00003CA3  _add_LCD                           
     00003CA9  .remove_LCD                        
     00003CA9  _remove_LCD                        
     00003CAF  .fill_rect_wtt                     
     00003CB8  .fill_rect_btt                     
     00003D05  _fill_bkg_rect                     
     00003D17  .padup                             
     00003D17  _waitpadup                         
     00003D27  .jpad                              
     00003D27  _joypad                            
     00003D4F  _waitpad                           
     00003D50  .wait_pad                          
     00003D57  ___sdcc_call_hl                    call_hl
     00003D58  _memset                            memset
     00003D8B  .set_xy_wtt                        SetTileMap
     00003D94  .set_xy_btt                        SetTileMap
     00003DA3  .set_xy_tt                         SetTileMap
     00003DE7  ___sdcc_bcall_ehl                  
     00003E01  _set_bkg_tiles                     
ASxxxx Linker V03.00/V05.40 + sdld,  page 37.
Hexadecimal  [32-Bits]

Area                                    Addr        Size        Decimal Bytes (Attributes)
--------------------------------        ----        ----        ------- ----- ------------
_INITIALIZER                        00003E15    00000018 =          24. bytes (REL,CON)

      Value  Global                              Global Defined In Module
      -----  --------------------------------   ------------------------
ASxxxx Linker V03.00/V05.40 + sdld,  page 38.
Hexadecimal  [32-Bits]

Area                                    Addr        Size        Decimal Bytes (Attributes)
--------------------------------        ----        ----        ------- ----- ------------
_GSINIT                             00003E2D    00000027 =          39. bytes (REL,CON)

      Value  Global                              Global Defined In Module
      -----  --------------------------------   ------------------------
     00003E2D  gsinit                             Runtime

ASxxxx Linker V03.00/V05.40 + sdld,  page 39.
Hexadecimal  [32-Bits]

Area                                    Addr        Size        Decimal Bytes (Attributes)
--------------------------------        ----        ----        ------- ----- ------------
_GSFINAL                            00003E54    00000001 =           1. bytes (REL,CON)

      Value  Global                              Global Defined In Module
      -----  --------------------------------   ------------------------
ASxxxx Linker V03.00/V05.40 + sdld,  page 40.
Hexadecimal  [32-Bits]

Area                                    Addr        Size        Decimal Bytes (Attributes)
--------------------------------        ----        ----        ------- ----- ------------
_DATA                               0000C0A0    0000198F =        6543. bytes (REL,CON)

      Value  Global                              Global Defined In Module
      -----  --------------------------------   ------------------------
     0000C0A0  __cpu                              Runtime
     0000C0A1  __is_GBA                           Runtime
     0000C0A2  .mode                              Runtime
     0000C0A3  .sys_time                          Runtime
     0000C0A3  _sys_time                          Runtime
     0000C0A5  .int_0x40                          Runtime
     0000C0B1  _actors                            actor
     0000C4F5  _actors_active_head                actor
     0000C4F7  _actors_active_tail                actor
     0000C4F9  _actors_inactive_head              actor
     0000C4FB  _screen_x                          actor
     0000C4FC  _screen_y                          actor
     0000C4FD  _invalid                           actor
     0000C4FF  _player_moving                     actor
     0000C500  _player_iframes                    actor
     0000C501  _player_collision_actor            actor
     0000C503  _emote_actor                       actor
     0000C505  _emote_timer                       actor
     0000C506  _allocated_sprite_tiles            actor
     0000C507  _allocated_hardware_sprites        actor
     0000C514  _camera_x                          camera
     0000C516  _camera_y                          camera
     0000C518  _camera_offset_x                   camera
     0000C519  _camera_offset_y                   camera
     0000C51A  _camera_deadzone_x                 camera
     0000C51B  _camera_deadzone_y                 camera
     0000C51C  _camera_settings                   camera
     0000C520  _current_scene                     data_manager
     0000C523  _image_bank                        data_manager
     0000C524  _image_ptr                         data_manager
     0000C526  _image_attr_bank                   data_manager
     0000C527  _image_attr_ptr                    data_manager
     0000C529  _collision_bank                    data_manager
     0000C52A  _collision_ptr                     data_manager
     0000C52C  _image_tile_width                  data_manager
     0000C52D  _image_tile_height                 data_manager
     0000C52E  _image_width                       data_manager
     0000C530  _image_height                      data_manager
     0000C532  _sprites_len                       data_manager
     0000C533  _actors_len                        data_manager
     0000C534  _projectiles_len                   data_manager
     0000C535  _player_sprite_len                 data_manager
     0000C536  _scene_type                        data_manager
     0000C537  _scene_LCD_type                    data_manager
     0000C538  _scene_stack                       data_manager
     0000C578  _scene_stack_ptr                   data_manager
     0000C57A  _scene_sprites_base_tiles          data_manager
     0000C5BA  _input_events                      events
     0000C5E2  _input_slots                       events
     0000C5EA  _timer_events                      events
ASxxxx Linker V03.00/V05.40 + sdld,  page 41.
Hexadecimal  [32-Bits]

Area                                    Addr        Size        Decimal Bytes (Attributes)
--------------------------------        ----        ----        ------- ----- ------------
_DATA                               0000C0A0    0000198F =        6543. bytes (REL,CON)

      Value  Global                              Global Defined In Module
      -----  --------------------------------   ------------------------
     0000C5FE  _timer_values                      events
     0000C606  _fade_running                      fade_manager
     0000C607  _fade_frames_per_step              fade_manager
     0000C608  _fade_timer                        fade_manager
     0000C610  _joypads                           input
     0000C615  _frame_joy                         input
     0000C616  _last_joy                          input
     0000C617  _recent_joy                        input
     0000C618  _SIO_status                        
     0000C619  _link_byte_sent                    
     0000C61A  _link_next_mode                    
     0000C61B  _save_blob_size                    load_save
     0000C61D  _routine_queue                     music_manager
     0000C621  _routine_queue_head                music_manager
     0000C622  _routine_queue_tail                music_manager
     0000C623  _music_events                      music_manager
     0000C637  _music_current_track_bank          music_manager
     0000C638  _music_mute_mask                   music_manager
     0000C639  _music_effective_mute              music_manager
     0000C63A  _music_next_track                  music_manager
     0000C63C  _music_current_track               music_manager
     0000C63E  _music_play_isr_counter            music_manager
     0000C63F  _music_play_isr_pause              music_manager
     0000C640  _music_global_mute_mask            music_manager
     0000C641  _music_sfx_priority                music_manager
     0000C642  _DMG_palette                       palette
     0000C645  _SprPalette                        palette
     0000C685  _parallax_rows                     parallax
     0000C697  _parallax_row                      parallax
     0000C699  _projectiles                       projectiles
     0000C752  _projectile_defs                   projectiles
     0000C7C5  _projectiles_active_head           projectiles
     0000C7C7  _projectiles_inactive_head         projectiles
     0000C7CE  _scroll_x                          scroll
     0000C7D0  _scroll_y                          scroll
     0000C7D2  _draw_scroll_x                     scroll
     0000C7D4  _draw_scroll_y                     scroll
     0000C7D6  _scroll_x_max                      scroll
     0000C7D8  _scroll_y_max                      scroll
     0000C7DA  _scroll_offset_x                   scroll
     0000C7DB  _scroll_offset_y                   scroll
     0000C7DC  _pending_h_x                       scroll
     0000C7DD  _pending_h_y                       scroll
     0000C7DE  _pending_h_i                       scroll
     0000C7DF  _pending_w_x                       scroll
     0000C7E0  _pending_w_y                       scroll
     0000C7E1  _pending_w_i                       scroll
     0000C7E2  _current_row                       scroll
     0000C7E4  _new_row                           scroll
     0000C7E6  _current_col                       scroll
     0000C7E8  _new_col                           scroll
ASxxxx Linker V03.00/V05.40 + sdld,  page 42.
Hexadecimal  [32-Bits]

Area                                    Addr        Size        Decimal Bytes (Attributes)
--------------------------------        ----        ----        ------- ----- ------------
_DATA                               0000C0A0    0000198F =        6543. bytes (REL,CON)

      Value  Global                              Global Defined In Module
      -----  --------------------------------   ------------------------
     0000C7EA  .image_tile_width                  
     0000C7EB  _sfx_play_bank                     sfx_player
     0000C7EC  _sfx_play_sample                   sfx_player
     0000C7EE  _sfx_frame_skip                    sfx_player
     0000C7EF  _link_operation_mode               sio
     0000C7F0  _link_packet                       sio
     0000C810  _link_packet_len                   sio
     0000C811  _link_packet_ptr                   sio
     0000C813  _link_packet_received              sio
     0000C814  _link_packet_snd_len               sio
     0000C815  _link_packet_snd_ptr               sio
     0000C817  _link_packet_sent                  sio
     0000C818  __is_CGB                           system
     0000C819  __is_SGB                           system
     0000C81A  __current_ram_bank                 system
     0000C81B  _triggers                          trigger
     0000C913  _last_trigger_tx                   trigger
     0000C914  _last_trigger_ty                   trigger
     0000C915  _last_trigger                      trigger
     0000C916  _win_pos_x                         ui
     0000C917  _win_dest_pos_x                    ui
     0000C918  _win_pos_y                         ui
     0000C919  _win_dest_pos_y                    ui
     0000C91A  _win_speed                         ui
     0000C91B  _text_drawn                        ui
     0000C91C  _current_text_speed                ui
     0000C91D  _text_options                      ui
     0000C91E  _text_in_speed                     ui
     0000C91F  _text_out_speed                    ui
     0000C920  _text_draw_speed                   ui
     0000C921  _text_ff_joypad                    ui
     0000C922  _text_ff                           ui
     0000C923  _text_bkg_fill                     ui
     0000C924  _ui_text_data                      ui
     0000CA2E  _vwf_current_mask                  ui
[...]
/tmp/_gbsbuild/obj/bg_ui_controls_keyboard.rel
                                          [ bg_ui_controls_keyboard ]
/tmp/_gbsbuild/obj/bg_ui_end_tilemap_attr.rel
                                          [ bg_ui_end_tilemap_attr ]
/tmp/_gbsbuild/obj/bg_ui_end_tilemap.rel  [ bg_ui_end_tilemap ]
/tmp/_gbsbuild/obj/bg_ui_end_tileset.rel  [ bg_ui_end_tileset ]
/tmp/_gbsbuild/obj/bg_ui_end.rel          [ bg_ui_end ]
/tmp/_gbsbuild/obj/bg_ui_placeholder_tilemap_attr.rel
                                          [ bg_ui_placeholder_tilemap_attr ]
/tmp/_gbsbuild/obj/bg_ui_placeholder_tilemap.rel
                                          [ bg_ui_placeholder_tilemap ]
/tmp/_gbsbuild/obj/bg_ui_placeholder_tileset.rel
                                          [ bg_ui_placeholder_tileset ]
/tmp/_gbsbuild/obj/bg_ui_placeholder.rel  [ bg_ui_placeholder ]
/tmp/_gbsbuild/obj/bg_ui_title_copy_tilemap_attr.rel
                                          [ bg_ui_title_copy_tilemap_attr ]
/tmp/_gbsbuild/obj/bg_ui_title_copy_tilemap.rel
                                          [ bg_ui_title_copy_tilemap ]
/tmp/_gbsbuild/obj/bg_ui_title_copy_tileset.rel
                                          [ bg_ui_title_copy_tileset ]
/tmp/_gbsbuild/obj/bg_ui_title_copy.rel   [ bg_ui_title_copy ]
/tmp/_gbsbuild/obj/bg_yua_cityintro_copy_tilemap_attr.rel
                                          [ bg_yua_cityintro_copy_tilemap_at ]
/tmp/_gbsbuild/obj/bg_yua_cityintro_copy_tilemap.rel
                                          [ bg_yua_cityintro_copy_tilemap ]
/tmp/_gbsbuild/obj/bg_yua_cityintro_copy_tileset.rel
                                          [ bg_yua_cityintro_copy_tileset ]
/tmp/_gbsbuild/obj/bg_yua_cityintro_copy.rel
                                          [ bg_yua_cityintro_copy ]
/tmp/_gbsbuild/obj/bg_yua_cityintro_tilemap_attr.rel
                                          [ bg_yua_cityintro_tilemap_attr ]
/tmp/_gbsbuild/obj/bg_yua_cityintro_tilemap.rel
                                          [ bg_yua_cityintro_tilemap ]
/tmp/_gbsbuild/obj/bg_yua_cityintro_tileset.rel
                                          [ bg_yua_cityintro_tileset ]
/tmp/_gbsbuild/obj/bg_yua_cityintro.rel   [ bg_yua_cityintro ]
/tmp/_gbsbuild/obj/bg_yua_citytalk_copy_tilemap_attr.rel
                                          [ bg_yua_citytalk_copy_tilemap_att ]
/tmp/_gbsbuild/obj/bg_yua_citytalk_copy_tilemap.rel
                                          [ bg_yua_citytalk_copy_tilemap ]
/tmp/_gbsbuild/obj/bg_yua_citytalk_copy_tileset.rel
                                          [ bg_yua_citytalk_copy_tileset ]
/tmp/_gbsbuild/obj/bg_yua_citytalk_copy.rel
                                          [ bg_yua_citytalk_copy ]
/tmp/_gbsbuild/obj/cursor_image.rel       [ cursor_image ]
/tmp/_gbsbuild/obj/font_gbs_variable_width.rel
                                          [ font_gbs_variable_width ]
/tmp/_gbsbuild/obj/frame_image.rel        [ frame_image ]
/tmp/_gbsbuild/obj/game_signature.rel     [ game_signature ]
/tmp/_gbsbuild/obj/song_song_template_1_Data.rel
                                          [ song_song_template_1_Data ]
/tmp/_gbsbuild/obj/palette_0.rel          [ palette_0 ]
/tmp/_gbsbuild/obj/palette_1.rel          [ palette_1 ]
/tmp/_gbsbuild/obj/palette_10.rel         [ palette_10 ]
/tmp/_gbsbuild/obj/palette_11.rel         [ palette_11 ]
/tmp/_gbsbuild/obj/palette_12.rel         [ palette_12 ]
/tmp/_gbsbuild/obj/palette_13.rel         [ palette_13 ]
/tmp/_gbsbuild/obj/palette_14.rel         [ palette_14 ]
/tmp/_gbsbuild/obj/palette_15.rel         [ palette_15 ]
/tmp/_gbsbuild/obj/palette_16.rel         [ palette_16 ]
/tmp/_gbsbuild/obj/palette_17.rel         [ palette_17 ]
/tmp/_gbsbuild/obj/palette_18.rel         [ palette_18 ]
/tmp/_gbsbuild/obj/palette_19.rel         [ palette_19 ]
/tmp/_gbsbuild/obj/palette_2.rel          [ palette_2 ]
/tmp/_gbsbuild/obj/palette_20.rel         [ palette_20 ]
/tmp/_gbsbuild/obj/palette_3.rel          [ palette_3 ]
/tmp/_gbsbuild/obj/palette_4.rel          [ palette_4 ]
/tmp/_gbsbuild/obj/palette_5.rel          [ palette_5 ]
/tmp/_gbsbuild/obj/palette_6.rel          [ palette_6 ]
/tmp/_gbsbuild/obj/palette_7.rel          [ palette_7 ]
/tmp/_gbsbuild/obj/palette_8.rel          [ palette_8 ]
/tmp/_gbsbuild/obj/palette_9.rel          [ palette_9 ]
/tmp/_gbsbuild/obj/scene_0_actors.rel     [ scene_0_actors ]
/tmp/_gbsbuild/obj/scene_0_collisions.rel
                                          [ scene_0_collisions ]
/tmp/_gbsbuild/obj/scene_0_init.rel       [ scene_0_init ]
/tmp/_gbsbuild/obj/scene_0_sprites.rel    [ scene_0_sprites ]
/tmp/_gbsbuild/obj/scene_0_triggers.rel   [ scene_0_triggers ]
/tmp/_gbsbuild/obj/scene_0.rel            [ scene_0 ]
/tmp/_gbsbuild/obj/scene_1_collisions.rel
                                          [ scene_1_collisions ]
/tmp/_gbsbuild/obj/scene_1_init.rel       [ scene_1_init ]
/tmp/_gbsbuild/obj/scene_1.rel            [ scene_1 ]
/tmp/_gbsbuild/obj/scene_10_actors.rel    [ scene_10_actors ]
/tmp/_gbsbuild/obj/scene_10_collisions.rel
                                          [ scene_10_collisions ]
/tmp/_gbsbuild/obj/scene_10_init.rel      [ scene_10_init ]
/tmp/_gbsbuild/obj/scene_10_p_hit1.rel    [ scene_10_p_hit1 ]
/tmp/_gbsbuild/obj/scene_10_projectiles.rel
                                          [ scene_10_projectiles ]
/tmp/_gbsbuild/obj/scene_10_sprites.rel   [ scene_10_sprites ]
/tmp/_gbsbuild/obj/scene_10.rel           [ scene_10 ]
/tmp/_gbsbuild/obj/scene_11_actors.rel    [ scene_11_actors ]
/tmp/_gbsbuild/obj/scene_11_collisions.rel
                                          [ scene_11_collisions ]
/tmp/_gbsbuild/obj/scene_11_init.rel      [ scene_11_init ]
/tmp/_gbsbuild/obj/scene_11_sprites.rel   [ scene_11_sprites ]
/tmp/_gbsbuild/obj/scene_11_triggers.rel  [ scene_11_triggers ]
/tmp/_gbsbuild/obj/scene_11.rel           [ scene_11 ]
/tmp/_gbsbuild/obj/scene_12_collisions.rel
                                          [ scene_12_collisions ]
/tmp/_gbsbuild/obj/scene_12_init.rel      [ scene_12_init ]
/tmp/_gbsbuild/obj/scene_12.rel           [ scene_12 ]
/tmp/_gbsbuild/obj/scene_13_actors.rel    [ scene_13_actors ]
/tmp/_gbsbuild/obj/scene_13_collisions.rel
                                          [ scene_13_collisions ]
/tmp/_gbsbuild/obj/scene_13_init.rel      [ scene_13_init ]
/tmp/_gbsbuild/obj/scene_13_p_hit1.rel    [ scene_13_p_hit1 ]
/tmp/_gbsbuild/obj/scene_13_projectiles.rel
                                          [ scene_13_projectiles ]
/tmp/_gbsbuild/obj/scene_13_sprites.rel   [ scene_13_sprites ]
/tmp/_gbsbuild/obj/scene_13_triggers.rel  [ scene_13_triggers ]
/tmp/_gbsbuild/obj/scene_13.rel           [ scene_13 ]
/tmp/_gbsbuild/obj/scene_14_actors.rel    [ scene_14_actors ]
/tmp/_gbsbuild/obj/scene_14_collisions.rel
                                          [ scene_14_collisions ]
/tmp/_gbsbuild/obj/scene_14_init.rel      [ scene_14_init ]
/tmp/_gbsbuild/obj/scene_14_sprites.rel   [ scene_14_sprites ]
/tmp/_gbsbuild/obj/scene_14_triggers.rel  [ scene_14_triggers ]
/tmp/_gbsbuild/obj/scene_14.rel           [ scene_14 ]
/tmp/_gbsbuild/obj/scene_15_actors.rel    [ scene_15_actors ]
/tmp/_gbsbuild/obj/scene_15_collisions.rel
                                          [ scene_15_collisions ]
/tmp/_gbsbuild/obj/scene_15_init.rel      [ scene_15_init ]
/tmp/_gbsbuild/obj/scene_15_sprites.rel   [ scene_15_sprites ]
/tmp/_gbsbuild/obj/scene_15_triggers.rel  [ scene_15_triggers ]
/tmp/_gbsbuild/obj/scene_15.rel           [ scene_15 ]
/tmp/_gbsbuild/obj/scene_16_collisions.rel
                                          [ scene_16_collisions ]
/tmp/_gbsbuild/obj/scene_16_init.rel      [ scene_16_init ]
/tmp/_gbsbuild/obj/scene_16.rel           [ scene_16 ]
/tmp/_gbsbuild/obj/scene_2_collisions.rel
                                          [ scene_2_collisions ]
/tmp/_gbsbuild/obj/scene_2_init.rel       [ scene_2_init ]
/tmp/_gbsbuild/obj/scene_2.rel            [ scene_2 ]
/tmp/_gbsbuild/obj/scene_3_collisions.rel
                                          [ scene_3_collisions ]
/tmp/_gbsbuild/obj/scene_3_init.rel       [ scene_3_init ]
/tmp/_gbsbuild/obj/scene_3.rel            [ scene_3 ]
/tmp/_gbsbuild/obj/scene_4_collisions.rel
                                          [ scene_4_collisions ]
/tmp/_gbsbuild/obj/scene_4_init.rel       [ scene_4_init ]
/tmp/_gbsbuild/obj/scene_4.rel            [ scene_4 ]
/tmp/_gbsbuild/obj/scene_6_collisions.rel
                                          [ scene_6_collisions ]
/tmp/_gbsbuild/obj/scene_6_init.rel       [ scene_6_init ]
/tmp/_gbsbuild/obj/scene_6.rel            [ scene_6 ]
/tmp/_gbsbuild/obj/scene_7_actors.rel     [ scene_7_actors ]
/tmp/_gbsbuild/obj/scene_7_collisions.rel
                                          [ scene_7_collisions ]
/tmp/_gbsbuild/obj/scene_7_init.rel       [ scene_7_init ]
/tmp/_gbsbuild/obj/scene_7_sprites.rel    [ scene_7_sprites ]
/tmp/_gbsbuild/obj/scene_7_triggers.rel   [ scene_7_triggers ]
/tmp/_gbsbuild/obj/scene_7.rel            [ scene_7 ]
/tmp/_gbsbuild/obj/scene_9_collisions.rel
                                          [ scene_9_collisions ]
/tmp/_gbsbuild/obj/scene_9_init.rel       [ scene_9_init ]
/tmp/_gbsbuild/obj/scene_9.rel            [ scene_9 ]
/tmp/_gbsbuild/obj/script_engine_init.rel
                                          [  ]
/tmp/_gbsbuild/obj/script_input_0.rel     [ script_input_0 ]
/tmp/_gbsbuild/obj/script_input_1.rel     [ script_input_1 ]
/tmp/_gbsbuild/obj/script_input_2.rel     [ script_input_2 ]
/tmp/_gbsbuild/obj/script_input_3.rel     [ script_input_3 ]
/tmp/_gbsbuild/obj/script_input_4.rel     [ script_input_4 ]
/tmp/_gbsbuild/obj/script_input_5.rel     [ script_input_5 ]
/tmp/_gbsbuild/obj/script_input_6.rel     [ script_input_6 ]
/tmp/_gbsbuild/obj/script_input.rel       [ script_input ]
/tmp/_gbsbuild/obj/script_timer_0.rel     [ script_timer_0 ]
/tmp/_gbsbuild/obj/script_timer_1.rel     [ script_timer_1 ]
/tmp/_gbsbuild/obj/script_timer_2.rel     [ script_timer_2 ]
/tmp/_gbsbuild/obj/script_timer_3.rel     [ script_timer_3 ]
/tmp/_gbsbuild/obj/script_timer.rel       [ script_timer ]
/tmp/_gbsbuild/obj/sound_legacy_0_0.rel   [ sound_legacy_0_0 ]
/tmp/_gbsbuild/obj/sound_legacy_0.rel     [ sound_legacy_0 ]
/tmp/_gbsbuild/obj/sprite_actor_animated_tileset.rel
                                          [ sprite_actor_animated_tileset ]
/tmp/_gbsbuild/obj/sprite_actor_animated.rel
                                          [ sprite_actor_animated ]
/tmp/_gbsbuild/obj/sprite_blastersprite_copy_tileset.rel
                                          [ sprite_blastersprite_copy_tilese ]
/tmp/_gbsbuild/obj/sprite_blastersprite_copy.rel
                                          [ sprite_blastersprite_copy ]
/tmp/_gbsbuild/obj/sprite_dhilly_saveselect_al_tileset.rel
                                          [ sprite_dhilly_saveselect_al_tile ]
/tmp/_gbsbuild/obj/sprite_dhilly_saveselect_al.rel
                                          [ sprite_dhilly_saveselect_al ]
/tmp/_gbsbuild/obj/sprite_piece_dhilly3_ver_co_0_tileset.rel
                                          [ sprite_piece_dhilly3_ver_co_0_ti ]
/tmp/_gbsbuild/obj/sprite_piece_dhilly3_ver_co_0.rel
                                          [ sprite_piece_dhilly3_ver_co_0 ]
/tmp/_gbsbuild/obj/sprite_piece_dhilly3_ver_co_tileset.rel
                                          [ sprite_piece_dhilly3_ver_co_tile ]
/tmp/_gbsbuild/obj/sprite_piece_dhilly3_ver_co.rel
                                          [ sprite_piece_dhilly3_ver_co ]
/tmp/_gbsbuild/obj/sprite_piece_dhilly3_ver_tileset.rel
                                          [ sprite_piece_dhilly3_ver_tileset ]
/tmp/_gbsbuild/obj/sprite_piece_dhilly3_ver.rel
                                          [ sprite_piece_dhilly3_ver ]
/tmp/_gbsbuild/obj/sprite_square_full_hitbox_c_tileset.rel
                                          [ sprite_square_full_hitbox_c_tile ]
/tmp/_gbsbuild/obj/sprite_square_full_hitbox_c.rel
                                          [ sprite_square_full_hitbox_c ]
/tmp/_gbsbuild/obj/sprite_square_full_hitbox_o_tileset.rel
                                          [ sprite_square_full_hitbox_o_tile ]
/tmp/_gbsbuild/obj/sprite_square_full_hitbox_o.rel
                                          [ sprite_square_full_hitbox_o ]
/tmp/_gbsbuild/obj/sprite_square_full_hitbox_tileset.rel
                                          [ sprite_square_full_hitbox_tilese ]
/tmp/_gbsbuild/obj/sprite_square_full_hitbox.rel
                                          [ sprite_square_full_hitbox ]
/tmp/_gbsbuild/obj/sprite_static_copy_tileset.rel
                                          [ sprite_static_copy_tileset ]
/tmp/_gbsbuild/obj/sprite_static_copy.rel
                                          [ sprite_static_copy ]
/tmp/_gbsbuild/obj/sprite_static_tileset.rel
                                          [ sprite_static_tileset ]
/tmp/_gbsbuild/obj/sprite_static.rel      [ sprite_static ]
/tmp/_gbsbuild/obj/spritesheet_none.rel   [ spritesheet_none ]
/tmp/_gbsbuild/obj/tileset_default_frame.rel
                                          [ tileset_default_frame ]
/tmp/_gbsbuild/obj/trigger_0_interact.rel
                                          [ trigger_0_interact ]
/tmp/_gbsbuild/obj/trigger_1_interact.rel
                                          [ trigger_1_interact ]
/tmp/_gbsbuild/obj/trigger_10_interact.rel
                                          [ trigger_10_interact ]
/tmp/_gbsbuild/obj/trigger_11_interact.rel
                                          [ trigger_11_interact ]
/tmp/_gbsbuild/obj/trigger_12_interact.rel
                                          [ trigger_12_interact ]
/tmp/_gbsbuild/obj/trigger_13_interact.rel
                                          [ trigger_13_interact ]
/tmp/_gbsbuild/obj/trigger_14_interact.rel
                                          [ trigger_14_interact ]
/tmp/_gbsbuild/obj/trigger_15_interact.rel
                                          [ trigger_15_interact ]
/tmp/_gbsbuild/obj/trigger_16_interact.rel
                                          [ trigger_16_interact ]
/tmp/_gbsbuild/obj/trigger_17_interact.rel
                                          [ trigger_17_interact ]
/tmp/_gbsbuild/obj/trigger_18_interact.rel
                                          [ trigger_18_interact ]
/tmp/_gbsbuild/obj/trigger_19_interact.rel
                                          [ trigger_19_interact ]
/tmp/_gbsbuild/obj/trigger_2_interact.rel
                                          [ trigger_2_interact ]
/tmp/_gbsbuild/obj/trigger_20_interact.rel
                                          [ trigger_20_interact ]
/tmp/_gbsbuild/obj/trigger_22_interact.rel
                                          [ trigger_22_interact ]
/tmp/_gbsbuild/obj/trigger_23_interact.rel
                                          [ trigger_23_interact ]
/tmp/_gbsbuild/obj/trigger_24_interact.rel
                                          [ trigger_24_interact ]
/tmp/_gbsbuild/obj/trigger_25_interact.rel
                                          [ trigger_25_interact ]
/tmp/_gbsbuild/obj/trigger_26_interact.rel
                                          [ trigger_26_interact ]
/tmp/_gbsbuild/obj/trigger_27_interact.rel
                                          [ trigger_27_interact ]
/tmp/_gbsbuild/obj/trigger_28_interact.rel
                                          [ trigger_28_interact ]
/tmp/_gbsbuild/obj/trigger_29_interact.rel
                                          [ trigger_29_interact ]
/tmp/_gbsbuild/obj/trigger_3_interact.rel
                                          [ trigger_3_interact ]
/tmp/_gbsbuild/obj/trigger_30_interact.rel
                                          [ trigger_30_interact ]
/tmp/_gbsbuild/obj/trigger_31_interact.rel
                                          [ trigger_31_interact ]
/tmp/_gbsbuild/obj/trigger_32_interact.rel
                                          [ trigger_32_interact ]
/tmp/_gbsbuild/obj/trigger_33_interact.rel
                                          [ trigger_33_interact ]
/tmp/_gbsbuild/obj/trigger_34_interact.rel
                                          [ trigger_34_interact ]
/tmp/_gbsbuild/obj/trigger_35_interact.rel
                                          [ trigger_35_interact ]
/tmp/_gbsbuild/obj/trigger_36_interact.rel
                                          [ trigger_36_interact ]
/tmp/_gbsbuild/obj/trigger_37_interact.rel
                                          [ trigger_37_interact ]
/tmp/_gbsbuild/obj/trigger_38_interact.rel
                                          [ trigger_38_interact ]
/tmp/_gbsbuild/obj/trigger_39_interact.rel
                                          [ trigger_39_interact ]
/tmp/_gbsbuild/obj/trigger_4_interact.rel
                                          [ trigger_4_interact ]
/tmp/_gbsbuild/obj/trigger_40_interact.rel
                                          [ trigger_40_interact ]
/tmp/_gbsbuild/obj/trigger_41_interact.rel
                                          [ trigger_41_interact ]
/tmp/_gbsbuild/obj/trigger_42_interact.rel
                                          [ trigger_42_interact ]
/tmp/_gbsbuild/obj/trigger_5_interact.rel
                                          [ trigger_5_interact ]
/tmp/_gbsbuild/obj/trigger_6_interact.rel
                                          [ trigger_6_interact ]
/tmp/_gbsbuild/obj/trigger_7_interact.rel
                                          [ trigger_7_interact ]
/tmp/_gbsbuild/obj/trigger_8_interact.rel
                                          [ trigger_8_interact ]
/tmp/_gbsbuild/obj/trigger_9_interact.rel
                                          [ trigger_9_interact ]
/tmp/_gbsbuild/obj/main.rel               [ main ]
/tmp/_gbsbuild/obj/logo.rel               [ logo ]
/tmp/_gbsbuild/obj/platform.rel           [ platform ]
/tmp/_gbsbuild/obj/states_ptrs.rel        [  ]
/tmp/_gbsbuild/obj/topdown.rel            [ topdown ]


Libraries Linked                          [ object file ]

/tmp/_gbstools/gbdk/lib/gb/gb.lib         [ fill_rect_wi.o ]
/tmp/_gbstools/gbdk/lib/sm83/sm83.lib     [ rand.o ]
lib/hUGEDriver.lib                        [ hUGEDriver.o ]
/tmp/_gbstools/gbdk/lib/gb/gb.lib         [ sfr.o ]
/tmp/_gbstools/gbdk/lib/gb/gb.lib         [ get_data.o ]
/tmp/_gbstools/gbdk/lib/gb/gb.lib         [ get_tile.o ]
/tmp/_gbstools/gbdk/lib/gb/gb.lib         [ cgb_palettes.o ]
/tmp/_gbstools/gbdk/lib/gb/gb.lib         [ metasprites_hide_spr.o ]
/tmp/_gbstools/gbdk/lib/sm83/sm83.lib     [ mul.o ]
/tmp/_gbstools/gbdk/lib/gb/gb.lib         [ set_tile.o ]
/tmp/_gbstools/gbdk/lib/sm83/sm83.lib     [ abs.o ]
/tmp/_gbstools/gbdk/lib/gb/gb.lib         [ set_wi_t.o ]
/tmp/_gbstools/gbdk/lib/gb/gb.lib         [ set_data.o ]
/tmp/_gbstools/gbdk/lib/sm83/sm83.lib     [ reverse.o ]
/tmp/_gbstools/gbdk/lib/gb/gb.lib         [ far_ptr.o ]
/tmp/_gbstools/gbdk/lib/gb/gb.lib         [ sgb.o ]
/tmp/_gbstools/gbdk/lib/gb/gb.lib         [ lcd.o ]
/tmp/_gbstools/gbdk/lib/gb/gb.lib         [ fill_rect.o ]
/tmp/_gbstools/gbdk/lib/gb/gb.lib         [ cpy_data.o ]
/tmp/_gbstools/gbdk/lib/gb/gb.lib         [ fill_rect_bk.o ]
/tmp/_gbstools/gbdk/lib/gb/gb.lib         [ pad.o ]
/tmp/_gbstools/gbdk/lib/gb/gb.lib         [ metasprites.o ]
/tmp/_gbstools/gbdk/lib/sm83/sm83.lib     [ __sdcc_call_hl.o ]
/tmp/_gbstools/gbdk/lib/sm83/sm83.lib     [ memcpy.o ]
/tmp/_gbstools/gbdk/lib/sm83/sm83.lib     [ _memset.o ]
/tmp/_gbstools/gbdk/lib/gb/gb.lib         [ set_xy_t.o ]
/tmp/_gbstools/gbdk/lib/gb/gb.lib         [ ___sdcc_bcall_ehl.o ]
/tmp/_gbstools/gbdk/lib/gb/gb.lib         [ cgb.o ]
/tmp/_gbstools/gbdk/lib/sm83/sm83.lib     [ div.o ]
/tmp/_gbstools/gbdk/lib/gb/gb.lib         [ set_bk_t.o ]

ASxxxx Linker V03.00/V05.40 + sdld,  page 79.

User Base Address Definitions

_DATA=0xC0A0
_CODE=0x0200
ASxxxx Linker V03.00/V05.40 + sdld,  page 80.

User Global Definitions

.STACK=0xDF00
_shadow_OAM=0xC000
.refresh_OAM=0xFF80
__start_save=12

